Archive member included because of file (symbol)

/usr/lib/gcc/avr/4.5.3/avr4/libgcc.a(_exit.o)
                              /usr/lib/gcc/avr/4.5.3/../../../avr/lib/avr4/crtm48.o (exit)
/usr/lib/gcc/avr/4.5.3/avr4/libgcc.a(_copy_data.o)
                              ./main.o (__do_copy_data)
/usr/lib/gcc/avr/4.5.3/../../../avr/lib/avr4/libc.a(iob.o)
                              ./main.o (__iob)
/usr/lib/gcc/avr/4.5.3/../../../avr/lib/avr4/libc.a(printf.o)
                              ./main.o (printf)
/usr/lib/gcc/avr/4.5.3/../../../avr/lib/avr4/libc.a(putchar.o)
                              ./main.o (putchar)
/usr/lib/gcc/avr/4.5.3/../../../avr/lib/avr4/libc.a(vfprintf_std.o)
                              /usr/lib/gcc/avr/4.5.3/../../../avr/lib/avr4/libc.a(printf.o) (vfprintf)
/usr/lib/gcc/avr/4.5.3/../../../avr/lib/avr4/libc.a(strnlen_P.o)
                              /usr/lib/gcc/avr/4.5.3/../../../avr/lib/avr4/libc.a(vfprintf_std.o) (strnlen_P)
/usr/lib/gcc/avr/4.5.3/../../../avr/lib/avr4/libc.a(strnlen.o)
                              /usr/lib/gcc/avr/4.5.3/../../../avr/lib/avr4/libc.a(vfprintf_std.o) (strnlen)
/usr/lib/gcc/avr/4.5.3/../../../avr/lib/avr4/libc.a(fputc.o)
                              /usr/lib/gcc/avr/4.5.3/../../../avr/lib/avr4/libc.a(putchar.o) (fputc)
/usr/lib/gcc/avr/4.5.3/../../../avr/lib/avr4/libc.a(ultoa_invert.o)
                              /usr/lib/gcc/avr/4.5.3/../../../avr/lib/avr4/libc.a(vfprintf_std.o) (__ultoa_invert)
/usr/lib/gcc/avr/4.5.3/avr4/libgcc.a(_prologue.o)
                              /usr/lib/gcc/avr/4.5.3/../../../avr/lib/avr4/libc.a(printf.o) (__prologue_saves__)
/usr/lib/gcc/avr/4.5.3/avr4/libgcc.a(_epilogue.o)
                              /usr/lib/gcc/avr/4.5.3/../../../avr/lib/avr4/libc.a(printf.o) (__epilogue_restores__)
/usr/lib/gcc/avr/4.5.3/avr4/libgcc.a(_clear_bss.o)
                              /usr/lib/gcc/avr/4.5.3/../../../avr/lib/avr4/libc.a(iob.o) (__do_clear_bss)

Allocating common symbols
Common symbol       size              file

__iob               0x6               /usr/lib/gcc/avr/4.5.3/../../../avr/lib/avr4/libc.a(iob.o)

Memory Configuration

Name             Origin             Length             Attributes
text             0x00000000         0x00002000         xr
data             0x00800060         0x0000ffa0         rw !x
eeprom           0x00810000         0x00010000         rw !x
fuse             0x00820000         0x00000400         rw !x
lock             0x00830000         0x00000400         rw !x
signature        0x00840000         0x00000400         rw !x
*default*        0x00000000         0xffffffff

Linker script and memory map

Address of section .data set to 0x800100
LOAD /usr/lib/gcc/avr/4.5.3/../../../avr/lib/avr4/crtm48.o
LOAD ./main.o
LOAD /usr/lib/gcc/avr/4.5.3/avr4/libgcc.a
LOAD /usr/lib/gcc/avr/4.5.3/../../../avr/lib/avr4/libc.a
LOAD /usr/lib/gcc/avr/4.5.3/avr4/libgcc.a

.hash
 *(.hash)

.dynsym
 *(.dynsym)

.dynstr
 *(.dynstr)

.gnu.version
 *(.gnu.version)

.gnu.version_d
 *(.gnu.version_d)

.gnu.version_r
 *(.gnu.version_r)

.rel.init
 *(.rel.init)

.rela.init
 *(.rela.init)

.rel.text
 *(.rel.text)
 *(.rel.text.*)
 *(.rel.gnu.linkonce.t*)

.rela.text
 *(.rela.text)
 *(.rela.text.*)
 *(.rela.gnu.linkonce.t*)

.rel.fini
 *(.rel.fini)

.rela.fini
 *(.rela.fini)

.rel.rodata
 *(.rel.rodata)
 *(.rel.rodata.*)
 *(.rel.gnu.linkonce.r*)

.rela.rodata
 *(.rela.rodata)
 *(.rela.rodata.*)
 *(.rela.gnu.linkonce.r*)

.rel.data
 *(.rel.data)
 *(.rel.data.*)
 *(.rel.gnu.linkonce.d*)

.rela.data
 *(.rela.data)
 *(.rela.data.*)
 *(.rela.gnu.linkonce.d*)

.rel.ctors
 *(.rel.ctors)

.rela.ctors
 *(.rela.ctors)

.rel.dtors
 *(.rel.dtors)

.rela.dtors
 *(.rela.dtors)

.rel.got
 *(.rel.got)

.rela.got
 *(.rela.got)

.rel.bss
 *(.rel.bss)

.rela.bss
 *(.rela.bss)

.rel.plt
 *(.rel.plt)

.rela.plt
 *(.rela.plt)

.text           0x00000000      0x748
 *(.vectors)
 .vectors       0x00000000       0x34 /usr/lib/gcc/avr/4.5.3/../../../avr/lib/avr4/crtm48.o
                0x00000000                __vectors
                0x00000000                __vector_default
 *(.vectors)
 *(.progmem.gcc*)
 *(.progmem*)
                0x00000034                . = ALIGN (0x2)
                0x00000034                __trampolines_start = .
 *(.trampolines)
 .trampolines   0x00000034        0x0 linker stubs
 *(.trampolines*)
                0x00000034                __trampolines_end = .
 *(.jumptables)
 *(.jumptables*)
 *(.lowtext)
 *(.lowtext*)
                0x00000034                __ctors_start = .
 *(.ctors)
                0x00000034                __ctors_end = .
                0x00000034                __dtors_start = .
 *(.dtors)
                0x00000034                __dtors_end = .
 SORT(*)(.ctors)
 SORT(*)(.dtors)
 *(.init0)
 .init0         0x00000034        0x0 /usr/lib/gcc/avr/4.5.3/../../../avr/lib/avr4/crtm48.o
                0x00000034                __init
 *(.init0)
 *(.init1)
 *(.init1)
 *(.init2)
 .init2         0x00000034        0xc /usr/lib/gcc/avr/4.5.3/../../../avr/lib/avr4/crtm48.o
 *(.init2)
 *(.init3)
 *(.init3)
 *(.init4)
 .init4         0x00000040       0x16 /usr/lib/gcc/avr/4.5.3/avr4/libgcc.a(_copy_data.o)
                0x00000040                __do_copy_data
 .init4         0x00000056       0x10 /usr/lib/gcc/avr/4.5.3/avr4/libgcc.a(_clear_bss.o)
                0x00000056                __do_clear_bss
 *(.init4)
 *(.init5)
 *(.init5)
 *(.init6)
 *(.init6)
 *(.init7)
 *(.init7)
 *(.init8)
 *(.init8)
 *(.init9)
 .init9         0x00000066        0x4 /usr/lib/gcc/avr/4.5.3/../../../avr/lib/avr4/crtm48.o
 *(.init9)
 *(.text)
 .text          0x0000006a        0x2 /usr/lib/gcc/avr/4.5.3/../../../avr/lib/avr4/crtm48.o
                0x0000006a                __vector_22
                0x0000006a                __vector_1
                0x0000006a                __vector_24
                0x0000006a                __vector_12
                0x0000006a                __bad_interrupt
                0x0000006a                __vector_6
                0x0000006a                __vector_3
                0x0000006a                __vector_23
                0x0000006a                __vector_25
                0x0000006a                __vector_11
                0x0000006a                __vector_13
                0x0000006a                __vector_17
                0x0000006a                __vector_19
                0x0000006a                __vector_7
                0x0000006a                __vector_5
                0x0000006a                __vector_4
                0x0000006a                __vector_9
                0x0000006a                __vector_2
                0x0000006a                __vector_21
                0x0000006a                __vector_15
                0x0000006a                __vector_8
                0x0000006a                __vector_14
                0x0000006a                __vector_10
                0x0000006a                __vector_16
                0x0000006a                __vector_18
                0x0000006a                __vector_20
 .text          0x0000006c        0x0 ./main.o
 .text          0x0000006c        0x0 /usr/lib/gcc/avr/4.5.3/avr4/libgcc.a(_exit.o)
 .text          0x0000006c        0x0 /usr/lib/gcc/avr/4.5.3/avr4/libgcc.a(_copy_data.o)
 .text          0x0000006c        0x0 /usr/lib/gcc/avr/4.5.3/../../../avr/lib/avr4/libc.a(iob.o)
 .text          0x0000006c        0x0 /usr/lib/gcc/avr/4.5.3/../../../avr/lib/avr4/libc.a(printf.o)
 .text          0x0000006c        0x0 /usr/lib/gcc/avr/4.5.3/../../../avr/lib/avr4/libc.a(putchar.o)
 .text          0x0000006c        0x0 /usr/lib/gcc/avr/4.5.3/../../../avr/lib/avr4/libc.a(vfprintf_std.o)
 .text          0x0000006c        0x0 /usr/lib/gcc/avr/4.5.3/../../../avr/lib/avr4/libc.a(strnlen_P.o)
 .text          0x0000006c        0x0 /usr/lib/gcc/avr/4.5.3/../../../avr/lib/avr4/libc.a(strnlen.o)
 .text          0x0000006c        0x0 /usr/lib/gcc/avr/4.5.3/../../../avr/lib/avr4/libc.a(fputc.o)
 .text          0x0000006c        0x0 /usr/lib/gcc/avr/4.5.3/../../../avr/lib/avr4/libc.a(ultoa_invert.o)
 .text          0x0000006c        0x0 /usr/lib/gcc/avr/4.5.3/avr4/libgcc.a(_prologue.o)
 .text          0x0000006c        0x0 /usr/lib/gcc/avr/4.5.3/avr4/libgcc.a(_epilogue.o)
 .text          0x0000006c        0x0 /usr/lib/gcc/avr/4.5.3/avr4/libgcc.a(_clear_bss.o)
                0x0000006c                . = ALIGN (0x2)
 *(.text.*)
 .text.usart_putchar_printf
                0x0000006c       0x26 ./main.o
                0x0000006c                usart_putchar_printf
 .text.usart_init
                0x00000092       0x16 ./main.o
                0x00000092                usart_init
 .text.usart_getchar
                0x000000a8        0xe ./main.o
                0x000000a8                usart_getchar
 .text.usart_putchar
                0x000000b6        0xe ./main.o
                0x000000b6                usart_putchar
 .text.usart_kbhit
                0x000000c4        0xc ./main.o
                0x000000c4                usart_kbhit
 .text.usart_pstr
                0x000000d0       0x1e ./main.o
                0x000000d0                usart_pstr
 .text.adc_read
                0x000000ee       0x1e ./main.o
                0x000000ee                adc_read
 .text.adc_init
                0x0000010c       0x2c ./main.o
                0x0000010c                adc_init
 .text.main     0x00000138       0x7e ./main.o
                0x00000138                main
 .text.libgcc   0x000001b6        0x0 /usr/lib/gcc/avr/4.5.3/avr4/libgcc.a(_exit.o)
 .text.libgcc   0x000001b6        0x0 /usr/lib/gcc/avr/4.5.3/avr4/libgcc.a(_copy_data.o)
 .text.avr-libc
                0x000001b6       0x24 /usr/lib/gcc/avr/4.5.3/../../../avr/lib/avr4/libc.a(printf.o)
                0x000001b6                printf
 .text.avr-libc
                0x000001da        0xc /usr/lib/gcc/avr/4.5.3/../../../avr/lib/avr4/libc.a(putchar.o)
                0x000001da                putchar
 .text.avr-libc
                0x000001e6      0x3b0 /usr/lib/gcc/avr/4.5.3/../../../avr/lib/avr4/libc.a(vfprintf_std.o)
                0x000001e6                vfprintf
 .text.avr-libc
                0x00000596       0x16 /usr/lib/gcc/avr/4.5.3/../../../avr/lib/avr4/libc.a(strnlen_P.o)
                0x00000596                strnlen_P
 .text.avr-libc
                0x000005ac       0x16 /usr/lib/gcc/avr/4.5.3/../../../avr/lib/avr4/libc.a(strnlen.o)
                0x000005ac                strnlen
 .text.avr-libc
                0x000005c2       0x58 /usr/lib/gcc/avr/4.5.3/../../../avr/lib/avr4/libc.a(fputc.o)
                0x000005c2                fputc
 .text.avr-libc
                0x0000061a       0xbc /usr/lib/gcc/avr/4.5.3/../../../avr/lib/avr4/libc.a(ultoa_invert.o)
                0x0000061a                __ultoa_invert
 .text.libgcc   0x000006d6       0x38 /usr/lib/gcc/avr/4.5.3/avr4/libgcc.a(_prologue.o)
                0x000006d6                __prologue_saves__
 .text.libgcc   0x0000070e       0x36 /usr/lib/gcc/avr/4.5.3/avr4/libgcc.a(_epilogue.o)
                0x0000070e                __epilogue_restores__
 .text.libgcc   0x00000744        0x0 /usr/lib/gcc/avr/4.5.3/avr4/libgcc.a(_clear_bss.o)
                0x00000744                . = ALIGN (0x2)
 *(.fini9)
 .fini9         0x00000744        0x0 /usr/lib/gcc/avr/4.5.3/avr4/libgcc.a(_exit.o)
                0x00000744                exit
                0x00000744                _exit
 *(.fini9)
 *(.fini8)
 *(.fini8)
 *(.fini7)
 *(.fini7)
 *(.fini6)
 *(.fini6)
 *(.fini5)
 *(.fini5)
 *(.fini4)
 *(.fini4)
 *(.fini3)
 *(.fini3)
 *(.fini2)
 *(.fini2)
 *(.fini1)
 *(.fini1)
 *(.fini0)
 .fini0         0x00000744        0x4 /usr/lib/gcc/avr/4.5.3/avr4/libgcc.a(_exit.o)
 *(.fini0)
                0x00000748                _etext = .

.data           0x00800100       0x14 load address 0x00000748
                0x00800100                PROVIDE (__data_start, .)
 *(.data)
 .data          0x00800100        0x0 /usr/lib/gcc/avr/4.5.3/../../../avr/lib/avr4/crtm48.o
 .data          0x00800100        0x5 ./main.o
 .data          0x00800105        0x0 /usr/lib/gcc/avr/4.5.3/avr4/libgcc.a(_exit.o)
 .data          0x00800105        0x0 /usr/lib/gcc/avr/4.5.3/avr4/libgcc.a(_copy_data.o)
 .data          0x00800105        0x0 /usr/lib/gcc/avr/4.5.3/../../../avr/lib/avr4/libc.a(iob.o)
 .data          0x00800105        0x0 /usr/lib/gcc/avr/4.5.3/../../../avr/lib/avr4/libc.a(printf.o)
 .data          0x00800105        0x0 /usr/lib/gcc/avr/4.5.3/../../../avr/lib/avr4/libc.a(putchar.o)
 .data          0x00800105        0x0 /usr/lib/gcc/avr/4.5.3/../../../avr/lib/avr4/libc.a(vfprintf_std.o)
 .data          0x00800105        0x0 /usr/lib/gcc/avr/4.5.3/../../../avr/lib/avr4/libc.a(strnlen_P.o)
 .data          0x00800105        0x0 /usr/lib/gcc/avr/4.5.3/../../../avr/lib/avr4/libc.a(strnlen.o)
 .data          0x00800105        0x0 /usr/lib/gcc/avr/4.5.3/../../../avr/lib/avr4/libc.a(fputc.o)
 .data          0x00800105        0x0 /usr/lib/gcc/avr/4.5.3/../../../avr/lib/avr4/libc.a(ultoa_invert.o)
 .data          0x00800105        0x0 /usr/lib/gcc/avr/4.5.3/avr4/libgcc.a(_prologue.o)
 .data          0x00800105        0x0 /usr/lib/gcc/avr/4.5.3/avr4/libgcc.a(_epilogue.o)
 .data          0x00800105        0x0 /usr/lib/gcc/avr/4.5.3/avr4/libgcc.a(_clear_bss.o)
 *(.data*)
 .data.mystdout
                0x00800105        0xe ./main.o
 *(.rodata)
 *(.rodata*)
 *(.gnu.linkonce.d*)
                0x00800114                . = ALIGN (0x2)
 *fill*         0x00800113        0x1 00
                0x00800114                _edata = .
                0x00800114                PROVIDE (__data_end, .)

.bss            0x00800114        0x6
                0x00800114                PROVIDE (__bss_start, .)
 *(.bss)
 .bss           0x00800114        0x0 /usr/lib/gcc/avr/4.5.3/../../../avr/lib/avr4/crtm48.o
 .bss           0x00800114        0x0 ./main.o
 .bss           0x00800114        0x0 /usr/lib/gcc/avr/4.5.3/avr4/libgcc.a(_exit.o)
 .bss           0x00800114        0x0 /usr/lib/gcc/avr/4.5.3/avr4/libgcc.a(_copy_data.o)
 .bss           0x00800114        0x0 /usr/lib/gcc/avr/4.5.3/../../../avr/lib/avr4/libc.a(iob.o)
 .bss           0x00800114        0x0 /usr/lib/gcc/avr/4.5.3/../../../avr/lib/avr4/libc.a(printf.o)
 .bss           0x00800114        0x0 /usr/lib/gcc/avr/4.5.3/../../../avr/lib/avr4/libc.a(putchar.o)
 .bss           0x00800114        0x0 /usr/lib/gcc/avr/4.5.3/../../../avr/lib/avr4/libc.a(vfprintf_std.o)
 .bss           0x00800114        0x0 /usr/lib/gcc/avr/4.5.3/../../../avr/lib/avr4/libc.a(strnlen_P.o)
 .bss           0x00800114        0x0 /usr/lib/gcc/avr/4.5.3/../../../avr/lib/avr4/libc.a(strnlen.o)
 .bss           0x00800114        0x0 /usr/lib/gcc/avr/4.5.3/../../../avr/lib/avr4/libc.a(fputc.o)
 .bss           0x00800114        0x0 /usr/lib/gcc/avr/4.5.3/../../../avr/lib/avr4/libc.a(ultoa_invert.o)
 .bss           0x00800114        0x0 /usr/lib/gcc/avr/4.5.3/avr4/libgcc.a(_prologue.o)
 .bss           0x00800114        0x0 /usr/lib/gcc/avr/4.5.3/avr4/libgcc.a(_epilogue.o)
 .bss           0x00800114        0x0 /usr/lib/gcc/avr/4.5.3/avr4/libgcc.a(_clear_bss.o)
 *(.bss*)
 *(COMMON)
 COMMON         0x00800114        0x6 /usr/lib/gcc/avr/4.5.3/../../../avr/lib/avr4/libc.a(iob.o)
                0x00800114                __iob
                0x0080011a                PROVIDE (__bss_end, .)
                0x00000748                __data_load_start = LOADADDR (.data)
                0x0000075c                __data_load_end = (__data_load_start + SIZEOF (.data))

.noinit         0x0080011a        0x0
                0x0080011a                PROVIDE (__noinit_start, .)
 *(.noinit*)
                0x0080011a                PROVIDE (__noinit_end, .)
                0x0080011a                _end = .
                0x0080011a                PROVIDE (__heap_start, .)

.eeprom         0x00810000        0x0
 *(.eeprom*)
                0x00810000                __eeprom_end = .

.fuse
 *(.fuse)
 *(.lfuse)
 *(.hfuse)
 *(.efuse)

.lock
 *(.lock*)

.signature
 *(.signature*)

.stab           0x00000000     0x25f8
 *(.stab)
 .stab          0x00000000      0x6cc /usr/lib/gcc/avr/4.5.3/../../../avr/lib/avr4/crtm48.o
 .stab          0x000006cc      0x6cc ./main.o
                                0x6d8 (size before relaxing)
 .stab          0x00000d98      0x2c4 /usr/lib/gcc/avr/4.5.3/../../../avr/lib/avr4/libc.a(iob.o)
                                0x30c (size before relaxing)
 .stab          0x0000105c      0x18c /usr/lib/gcc/avr/4.5.3/../../../avr/lib/avr4/libc.a(printf.o)
                                0x36c (size before relaxing)
 .stab          0x000011e8      0x180 /usr/lib/gcc/avr/4.5.3/../../../avr/lib/avr4/libc.a(putchar.o)
                                0x360 (size before relaxing)
 .stab          0x00001368      0xaf8 /usr/lib/gcc/avr/4.5.3/../../../avr/lib/avr4/libc.a(vfprintf_std.o)
                                0xcd8 (size before relaxing)
 .stab          0x00001e60       0x9c /usr/lib/gcc/avr/4.5.3/../../../avr/lib/avr4/libc.a(strnlen_P.o)
                                 0xa8 (size before relaxing)
 .stab          0x00001efc       0x9c /usr/lib/gcc/avr/4.5.3/../../../avr/lib/avr4/libc.a(strnlen.o)
                                 0xa8 (size before relaxing)
 .stab          0x00001f98      0x1e0 /usr/lib/gcc/avr/4.5.3/../../../avr/lib/avr4/libc.a(fputc.o)
                                0x3c0 (size before relaxing)
 .stab          0x00002178      0x480 /usr/lib/gcc/avr/4.5.3/../../../avr/lib/avr4/libc.a(ultoa_invert.o)
                                0x48c (size before relaxing)

.stabstr        0x00000000     0x14c4
 *(.stabstr)
 .stabstr       0x00000000     0x14c4 /usr/lib/gcc/avr/4.5.3/../../../avr/lib/avr4/crtm48.o

.stab.excl
 *(.stab.excl)

.stab.exclstr
 *(.stab.exclstr)

.stab.index
 *(.stab.index)

.stab.indexstr
 *(.stab.indexstr)

.comment
 *(.comment)

.debug
 *(.debug)

.line
 *(.line)

.debug_srcinfo
 *(.debug_srcinfo)

.debug_sfnames
 *(.debug_sfnames)

.debug_aranges
 *(.debug_aranges)

.debug_pubnames
 *(.debug_pubnames)

.debug_info
 *(.debug_info)
 *(.gnu.linkonce.wi.*)

.debug_abbrev
 *(.debug_abbrev)

.debug_line
 *(.debug_line)

.debug_frame
 *(.debug_frame)

.debug_str
 *(.debug_str)

.debug_loc
 *(.debug_loc)

.debug_macinfo
 *(.debug_macinfo)
OUTPUT(startengene.elf elf32-avr)
LOAD linker stubs
